// Jest Snapshot v1, https://goo.gl/fbAQLP

exports[`Test route switch should match snapshot? 1`] = `<div />`;
